src/config/database.ts(14,21): error TS2769: No overload matches this call.
  Overload 1 of 4, '(options?: Options | undefined): Sequelize', gave the following error.
    Argument of type 'string | { database: string; username: string; password: string; host: string; port: number; dialect: "postgres"; logging: false | ((msg: string) => Logger); pool: { max: number; min: number; acquire: number; idle: number; }; }' is not assignable to parameter of type 'Options | undefined'.
      Type 'string' has no properties in common with type 'Options'.
  Overload 2 of 4, '(uri: string, options?: Options | undefined): Sequelize', gave the following error.
    Argument of type 'string | { database: string; username: string; password: string; host: string; port: number; dialect: string; logging: boolean | ((msg: string) => Logger); pool: { max: number; min: number; acquire: number; idle: number; }; }' is not assignable to parameter of type 'string'.
      Type '{ database: string; username: string; password: string; host: string; port: number; dialect: string; logging: boolean | ((msg: string) => Logger); pool: { max: number; min: number; acquire: number; idle: number; }; }' is not assignable to type 'string'.
src/controllers/auth.controller.ts(75,18): error TS6133: 'req' is declared but its value is never read.
src/controllers/resume.controller.ts(5,11): error TS7030: Not all code paths return a value.
src/middleware/auth.middleware.ts(16,5): error TS6133: 'res' is declared but its value is never read.
src/middleware/auth.middleware.ts(42,5): error TS6133: 'res' is declared but its value is never read.
src/middleware/error.middleware.ts(10,5): error TS6133: 'next' is declared but its value is never read.
src/middleware/error.middleware.ts(14,9): error TS6133: 'isOperational' is declared but its value is never read.
src/middleware/error.middleware.ts(44,5): error TS6133: 'next' is declared but its value is never read.
src/middleware/upload.middleware.ts(10,19): error TS6133: 'req' is declared but its value is never read.
src/middleware/upload.middleware.ts(10,24): error TS6133: 'file' is declared but its value is never read.
src/middleware/upload.middleware.ts(13,16): error TS6133: 'req' is declared but its value is never read.
src/middleware/upload.middleware.ts(20,21): error TS6133: 'req' is declared but its value is never read.
src/middleware/validation.middleware.ts(6,27): error TS6133: 'res' is declared but its value is never read.
src/routes/job.routes.ts(10,24): error TS6133: 'req' is declared but its value is never read.
src/routes/user.routes.ts(10,20): error TS6133: 'req' is declared but its value is never read.
src/services/ai.service.ts(118,54): error TS6133: 'resumeText' is declared but its value is never read.
src/services/ai.service.ts(118,74): error TS6133: 'jdText' is declared but its value is never read.
src/services/document-parser.service.ts(2,22): error TS7016: Could not find a declaration file for module 'pdf-parse'. 'C:/Users/Bhupender Yadav/Desktop/spem-project/backend/node_modules/pdf-parse/index.js' implicitly has an 'any' type.
  Try `npm i --save-dev @types/pdf-parse` if it exists or add a new declaration (.d.ts) file containing `declare module 'pdf-parse';`
src/utils/errors.util.ts(1,1): error TS6192: All imports in import declaration are unused.
src/utils/jwt.util.ts(10,16): error TS2769: No overload matches this call.
  Overload 1 of 5, '(payload: string | object | Buffer<ArrayBufferLike>, secretOrPrivateKey: null, options?: (SignOptions & { algorithm: "none"; }) | undefined): string', gave the following error.
    Argument of type 'string' is not assignable to parameter of type 'null'.
  Overload 2 of 5, '(payload: string | object | Buffer<ArrayBufferLike>, secretOrPrivateKey: Buffer<ArrayBufferLike> | Secret | PrivateKeyInput | JsonWebKeyInput, options?: SignOptions | undefined): string', gave the following error.
    Type 'string' is not assignable to type 'number | StringValue | undefined'.
  Overload 3 of 5, '(payload: string | object | Buffer<ArrayBufferLike>, secretOrPrivateKey: Buffer<ArrayBufferLike> | Secret | PrivateKeyInput | JsonWebKeyInput, callback: SignCallback): void', gave the following error.
    Object literal may only specify known properties, and 'expiresIn' does not exist in type 'SignCallback'.
src/utils/jwt.util.ts(16,16): error TS2769: No overload matches this call.
  Overload 1 of 5, '(payload: string | object | Buffer<ArrayBufferLike>, secretOrPrivateKey: null, options?: (SignOptions & { algorithm: "none"; }) | undefined): string', gave the following error.
    Argument of type 'string' is not assignable to parameter of type 'null'.
  Overload 2 of 5, '(payload: string | object | Buffer<ArrayBufferLike>, secretOrPrivateKey: Buffer<ArrayBufferLike> | Secret | PrivateKeyInput | JsonWebKeyInput, options?: SignOptions | undefined): string', gave the following error.
    Type 'string' is not assignable to type 'number | StringValue | undefined'.
  Overload 3 of 5, '(payload: string | object | Buffer<ArrayBufferLike>, secretOrPrivateKey: Buffer<ArrayBufferLike> | Secret | PrivateKeyInput | JsonWebKeyInput, callback: SignCallback): void', gave the following error.
    Object literal may only specify known properties, and 'expiresIn' does not exist in type 'SignCallback'.
